<?xml version="1.0" encoding="UTF-8"?>
<testsuites name="jest tests" tests="1" failures="0" errors="0" time="0.417">
  <testsuite name="Teste exemplo 1" errors="0" failures="0" skipped="0" timestamp="2024-05-17T18:39:04" time="0.373" tests="1">
    <testcase classname="Teste exemplo 1 Funcao calcularArea" name="Teste exemplo 1 Funcao calcularArea" time="0.001">
    </testcase>
  </testsuite>
</testsuites>